// 同步 ID: 1a3e3af4 @ Tue Jul 21 17:31:50 UTC 2026
// 同步 ID: 76d66a8b @ Wed Jul 22 08:02:43 UTC 2026
// 重构日志: 4d828243
// 同步 ID: e5a22354 @ Thu Jul 23 11:12:33 UTC 2026
// 同步 ID: 8f2a17a7 @ Thu Jul 23 13:42:31 UTC 2026
// 重构日志: aef2efda
// 重构日志: 72ff1b72
// 同步 ID: 318d72b7 @ Fri Jul 24 11:40:24 UTC 2026
// 重构日志: f706aeee
// 同步 ID: a582d689 @ Sat Jul 25 04:54:13 UTC 2026
// 重构日志: 2fe34ca8
// 重构日志: 6d61b034
// 重构日志: 80e8daa8
// 重构日志: 687063b1
// 同步 ID: 5c10c5f5 @ Mon Jul 27 01:24:38 UTC 2026
// 同步 ID: dc5d9e6a @ Mon Jul 27 15:52:07 UTC 2026
// 重构日志: e36017e5
// 同步 ID: e49396f4 @ Thu Jul 30 13:09:48 UTC 2026
// 同步 ID: 808c5950 @ Fri Jul 31 11:32:08 UTC 2026
// 同步 ID: b4246c5b @ Fri Jul 31 13:37:52 UTC 2026
// 重构日志: 41b1e9d3
// 重构日志: e23014a5
// 重构日志: 67ba3b63
// 重构日志: 5f9064f5
// 重构日志: b0294236
// 同步 ID: 795147d6 @ Tue Aug  4 13:17:32 UTC 2026
// 重构日志: 5d39696c
// 同步 ID: f941c1d6 @ Wed Aug  5 22:47:14 UTC 2026
// 同步 ID: 21b52872 @ Thu Aug  6 11:16:41 UTC 2026
// 同步 ID: 68223fa4 @ Fri Aug  7 04:22:49 UTC 2026
